// Jest Snapshot v1, https://goo.gl/fbAQLP

exports[`should render Header correctly 1`] = `
<Header>
  <input
    alt="burgerImg"
    className="burger-btn"
    onClick={[Function]}
    src={Object {}}
    type="image"
  />
  <nav
    className="menu-container"
  >
    <undefined
      activeClassName="menu-link--active"
      className="menu-link"
      to="/main"
    >
      Главная
      <button
        className="dark-theme-btn"
        onClick={[Function]}
        type="button"
      >
        <svg
          className="dark-theme-btn__icon"
          height="1.7em"
          preserveAspectRatio="xMidYMid meet"
          viewBox="0 0 24 24"
          width="1.7em"
          xmlns="http://www.w3.org/2000/svg"
        >
          <path
            d="M17.75 4.1l-2.53 1.94.9 3.06-2.63-1.8-2.63 1.8.9-3.06L9.25 4.1l3.2-.1 1.06-3 1.06 3 3.2.1m3.5 6.9l-1.64 1.25.6 1.98-1.7-1.17-1.7 1.17.6-1.98L15.75 11l2.06-.05.7-1.95.7 1.95 2.06.05m-2.28 4.95c.83-.08 1.72 1.1 1.2 1.85-.32.45-.66.87-1.08 1.27-3.9 3.93-10.24 3.93-14.14 0a9.99 9.99 0 0 1 0-14.14c.4-.4.82-.76 1.27-1.08.75-.53 1.93.36 1.85 1.2-.27 2.86.7 5.83 2.9 8.02a9.96 9.96 0 0 0 8.02 2.89m-1.64 2.02a12.08 12.08 0 0 1-7.8-3.47 12.07 12.07 0 0 1-3.49-7.82c-2.8 3.14-2.7 7.96.3 10.98 3.02 3 7.84 3.12 10.98.3z"
          />
        </svg>
      </button>
    </undefined>
    <undefined
      activeClassName="menu-link--active"
      className="menu-link"
      to="/all/page/1"
    >
      Все
    </undefined>
    <undefined
      activeClassName="menu-link--active"
      className="menu-link"
      to="/clients/page/1"
    >
      Клиенты
    </undefined>
    <undefined
      activeClassName="menu-link--active"
      className="menu-link"
      to="/lead/page/1"
    >
      Лид
    </undefined>
    <undefined
      activeClassName="menu-link--active"
      className="menu-link"
      to="/lost/page/1"
    >
      Прошлые
    </undefined>
    <undefined
      activeClassName="menu-link--active"
      className="menu-link"
      to="/employee/page/1"
    >
      Сотрудники
    </undefined>
  </nav>
</Header>
`;
